AdroitHandRelocateDense-v1, AdroitHandHammerDense-v1, AdroitHandDoorDense-v1 environment's reward functions were updated in v1.2.1 without an environment version update. Therefore, use gymnasium-robotics==1.2.0 for v1 reproducibility or use v2 in gymnasium-robotics>=1.4.3. See https://github.com/Farama-Foundation/Gymnasium-Robotics/pull/220 for more details
AdroitHandRelocateDense-v1, AdroitHandHammerDense-v1, AdroitHandDoorDense-v1 environment's reward functions were updated in v1.2.1 without an environment version update. Therefore, use gymnasium-robotics==1.2.0 for v1 reproducibility or use v2 in gymnasium-robotics>=1.4.3. See https://github.com/Farama-Foundation/Gymnasium-Robotics/pull/220 for more details
>>>> Training STAR method=pointwise_v2 on SafetyPointGoal1-v0
STAR_CONFIG method=pointwise_v2 run_name=starv2_core_100k_SafetyPointGoal1_v0_selected_pointwise_v2_pointwise_v2_s10 run_dir=/root/FLAC-Safe-star-v2/results/star_v2_final/resume_300k/SafetyPointGoal1-v0/pointwise_v2/starv2_core_100k_SafetyPointGoal1_v0_selected_pointwise_v2_pointwise_v2_s10 eval_interval_steps=10000 eval_times=5 save_interval_steps=50000 recent_fraction=0.0 shadow_aggregation=log_mean_exp shadow_reference_mode=corridor cost_critic_reduce=max star_algorithm_version=star_v2 shadow_beta_mode=positive_linspace shadow_penalty_mode=squared shadow_num_strata=16 shadow_samples_per_stratum=1 training_execution_mode=raw
Traceback (most recent call last):
  File "/root/FLAC-Safe-star-v2/main_star.py", line 967, in <module>
    train_loop(config)
  File "/root/FLAC-Safe-star-v2/main_star.py", line 776, in train_loop
    log = agent.update_parameters(memory, config.batch_size, updates, total_steps)
          ^^^^^^^^^^^^^^^^^^^^^^^^^^^^^^^^^^^^^^^^^^^^^^^^^^^^^^^^^^^^^^^^^^^^^^^^
  File "/root/FLAC-Safe-star-v2/agents/star_agent.py", line 330, in update_parameters
    cost_loss = self.update_cost_critic(state, action, cost, next_state, mask)
                ^^^^^^^^^^^^^^^^^^^^^^^^^^^^^^^^^^^^^^^^^^^^^^^^^^^^^^^^^^^^^^
  File "/root/FLAC-Safe-star-v2/agents/sac_base.py", line 161, in update_cost_critic
    target = self._cost_target(cost, mask, next_state)
             ^^^^^^^^^^^^^^^^^^^^^^^^^^^^^^^^^^^^^^^^^
  File "/root/FLAC-Safe-star-v2/agents/sac_base.py", line 123, in _cost_target
    next_action, _, _ = self.policy.sample(next_state)
                        ^^^^^^^^^^^^^^^^^^^^^^^^^^^^^^
  File "/root/FLAC-Safe-star-v2/agents/gaussian_policy.py", line 77, in sample
    log_prob = self._log_prob_from_pre_tanh(mean, log_std, pre_tanh)
               ^^^^^^^^^^^^^^^^^^^^^^^^^^^^^^^^^^^^^^^^^^^^^^^^^^^^^
  File "/root/FLAC-Safe-star-v2/agents/gaussian_policy.py", line 64, in _log_prob_from_pre_tanh
    normal = Normal(mean, log_std.exp())
             ^^^^^^^^^^^^^^^^^^^^^^^^^^^
  File "/root/miniconda3/envs/flac/lib/python3.11/site-packages/torch/distributions/normal.py", line 66, in __init__
    super().__init__(batch_shape, validate_args=validate_args)
  File "/root/miniconda3/envs/flac/lib/python3.11/site-packages/torch/distributions/distribution.py", line 76, in __init__
    if not torch._is_all_true(valid):
KeyboardInterrupt
